  0_리랭커없음: top-1 8/70 (11.4%), 0s
### sentence
  리랭커질의=sentence: top-1 18/70 (25.7%), 31s
### context
  리랭커질의=context: top-1 19/70 (27.1%), 33s
### struct
  리랭커질의=struct: top-1 15/70 (21.4%), 30s
### struct_sentence
  리랭커질의=struct_sentence: top-1 17/70 (24.3%), 33s
### 비교

후보 풀에 정답이 있는 claim: 43/70 (61.4%)  <- 리랭커 상한

모델                            top-1    top-5   top-10      MRR    claim당
리랭커질의=sentence               25.7%    44.3%    47.1%    0.329     0.44s
리랭커질의=context                27.1%    44.3%    45.7%    0.328     0.47s
리랭커질의=struct_sentence        24.3%    35.7%    45.7%    0.293     0.47s
리랭커질의=struct                 21.4%    40.0%    42.9%    0.288     0.43s
0_리랭커없음                      11.4%    25.7%    27.1%    0.167     0.00s

후보에 정답이 있던 43건 중 1등으로 올린 비율
  리랭커질의=sentence              18/43  (41.9%)
  리랭커질의=context               19/43  (44.2%)
  리랭커질의=struct_sentence       17/43  (39.5%)
  리랭커질의=struct                15/43  (34.9%)
  0_리랭커없음                      8/43  (18.6%)
