claim 70건 / 제목 있음 70건 / 문맥 있음 64건
모델 로딩...
Warning: You are sending unauthenticated requests to the HF Hub. Please set a HF_TOKEN to enable higher rate limits and faster downloads.
Loading weights:   0%|          | 0/398 [00:00<?, ?it/s]Loading weights:  23%|██▎       | 91/398 [00:00<00:00, 903.09it/s]Loading weights:  46%|████▌     | 182/398 [00:00<00:00, 817.98it/s]Loading weights:  67%|██████▋   | 266/398 [00:00<00:00, 797.52it/s]Loading weights:  87%|████████▋ | 347/398 [00:00<00:00, 800.95it/s]Loading weights: 100%|██████████| 398/398 [00:00<00:00, 835.58it/s]
  A 문장만: 51s
  B 문맥+문장 (현재): 7s
  C 제목+문장: 5s
  D 제목+문맥+문장: 3s

질의 구성                       R@1     R@10    R@100    R@200
A 문장만                     5.7%    32.9%    58.6%    64.3% 
B 문맥+문장 (현재)              7.1%    48.6%    75.7%    77.1% 
C 제목+문장                  10.0%    37.1%    65.7%    72.9% 
D 제목+문맥+문장               12.9%    50.0%    77.1%    78.6% 

A 문장만 vs B 문맥+문장 (현재) (R@100): +0 / -12 → 순증 -12
  손해: ['5-03', '5-07a', '5-07b', '5-14a', '5-14b', '5-15a', '5-15b', '19-07', '19-12', '36-01', '36-03', '36-07']

C 제목+문장 vs B 문맥+문장 (현재) (R@100): +2 / -9 → 순증 -7
  이득: ['19-13', '36-10']
  손해: ['5-03', '5-04', '5-07a', '5-07b', '19-04a', '19-04b', '19-06', '19-07', '30-09']

D 제목+문맥+문장 vs B 문맥+문장 (현재) (R@100): +2 / -1 → 순증 +1
  이득: ['19-13', '36-10']
  손해: ['5-11']

질의 예시 (36-03):
  [A 문장만] 전년 대비 12.0% 증가한 수준으로 사상 최대다.
  [B 문맥+문장 (현재)] 12일 국가데이터처(구 통계청)에 따르면 2023년 기준 65세 이상의 소비 총액은 243조8000억원을 기록했다. 전년 대비 12.0% 증가한 수준으로 사상 최대다.
  [C 제목+문장] 껑충 뛴 노년층 소비 증가율… 청·장년층 2배 육박 전년 대비 12.0% 증가한 수준으로 사상 최대다.
  [D 제목+문맥+문장] 껑충 뛴 노년층 소비 증가율… 청·장년층 2배 육박 12일 국가데이터처(구 통계청)에 따르면 2023년 기준 65세 이상의 소비 총액은 243조8000억원을 기록했다. 전년 대비 12.0% 증가한 
